[2026-05-22T14:27:50.581Z] [INFO] System started
[2026-05-22T14:27:52.587Z] [INFO] {"id":"temp-1","type":"temp","value":-11.6,"unit":"C","status":"normal","processedAt":"2026-05-22T14:27:52.586Z"}
[2026-05-22T14:27:52.588Z] [INFO] {"id":"pressure-2","type":"pressure","value":45.8144251392643,"unit":"PSI","status":"normal","processedAt":"2026-05-22T14:27:52.588Z"}
[2026-05-22T14:27:52.588Z] [INFO] {"id":"humidity-3","type":"humidity","value":95.64741266845154,"unit":"%","status":"critical","processedAt":"2026-05-22T14:27:52.588Z"}
[2026-05-22T14:27:52.588Z] [ERROR] {"id":"humidity-3","type":"humidity","value":95.64741266845154,"unit":"%","status":"critical","processedAt":"2026-05-22T14:27:52.588Z"}
[2026-05-22T14:27:54.582Z] [INFO] {"id":"temp-1","type":"temp","value":16.1,"unit":"C","status":"normal","processedAt":"2026-05-22T14:27:54.582Z"}
[2026-05-22T14:27:54.582Z] [WARN] {"id":"pressure-2","type":"pressure","value":76.93037257535461,"unit":"PSI","status":"warning","processedAt":"2026-05-22T14:27:54.582Z"}
[2026-05-22T14:27:54.582Z] [INFO] {"id":"pressure-2","type":"pressure","value":76.93037257535461,"unit":"PSI","status":"warning","processedAt":"2026-05-22T14:27:54.582Z"}
[2026-05-22T14:27:54.582Z] [INFO] {"id":"humidity-3","type":"humidity","value":29.769759356561877,"unit":"%","status":"normal","processedAt":"2026-05-22T14:27:54.582Z"}
[2026-05-22T14:27:56.587Z] [INFO] {"id":"temp-1","type":"temp","value":41.5,"unit":"C","status":"normal","processedAt":"2026-05-22T14:27:56.583Z"}
[2026-05-22T14:27:56.587Z] [INFO] {"id":"pressure-2","type":"pressure","value":31.062597215766576,"unit":"PSI","status":"normal","processedAt":"2026-05-22T14:27:56.587Z"}
[2026-05-22T14:27:56.588Z] [INFO] {"id":"humidity-3","type":"humidity","value":23.97454513894107,"unit":"%","status":"normal","processedAt":"2026-05-22T14:27:56.588Z"}
[2026-05-22T14:27:58.588Z] [INFO] {"id":"temp-1","type":"temp","value":43.6,"unit":"C","status":"normal","processedAt":"2026-05-22T14:27:58.583Z"}
[2026-05-22T14:27:58.588Z] [INFO] {"id":"pressure-2","type":"pressure","value":106.09142597137051,"unit":"PSI","status":"critical","processedAt":"2026-05-22T14:27:58.588Z"}
[2026-05-22T14:27:58.588Z] [INFO] {"id":"humidity-3","type":"humidity","value":27.0378148601502,"unit":"%","status":"normal","processedAt":"2026-05-22T14:27:58.588Z"}
[2026-05-22T14:27:58.588Z] [ERROR] {"id":"pressure-2","type":"pressure","value":106.09142597137051,"unit":"PSI","status":"critical","processedAt":"2026-05-22T14:27:58.588Z"}
[2026-05-22T14:28:00.585Z] [INFO] {"id":"temp-1","type":"temp","value":-10.8,"unit":"C","status":"normal","processedAt":"2026-05-22T14:28:00.585Z"}
[2026-05-22T14:28:00.585Z] [INFO] {"id":"pressure-2","type":"pressure","value":58.75293925000017,"unit":"PSI","status":"normal","processedAt":"2026-05-22T14:28:00.585Z"}
[2026-05-22T14:28:00.585Z] [INFO] {"id":"humidity-3","type":"humidity","value":99.97063392138426,"unit":"%","status":"critical","processedAt":"2026-05-22T14:28:00.585Z"}
[2026-05-22T14:28:00.586Z] [ERROR] {"id":"humidity-3","type":"humidity","value":99.97063392138426,"unit":"%","status":"critical","processedAt":"2026-05-22T14:28:00.585Z"}
[2026-05-22T14:28:02.586Z] [INFO] {"id":"temp-1","type":"temp","value":29.3,"unit":"C","status":"normal","processedAt":"2026-05-22T14:28:02.586Z"}
[2026-05-22T14:28:02.586Z] [INFO] {"id":"pressure-2","type":"pressure","value":6.688002632771197,"unit":"PSI","status":"normal","processedAt":"2026-05-22T14:28:02.586Z"}
[2026-05-22T14:28:02.586Z] [INFO] {"id":"humidity-3","type":"humidity","value":22.723859587887752,"unit":"%","status":"normal","processedAt":"2026-05-22T14:28:02.586Z"}
[2026-05-22T14:28:04.587Z] [INFO] {"id":"temp-1","type":"temp","value":4.5,"unit":"C","status":"normal","processedAt":"2026-05-22T14:28:04.587Z"}
[2026-05-22T14:28:04.587Z] [WARN] {"id":"pressure-2","type":"pressure","value":87.88120983041586,"unit":"PSI","status":"warning","processedAt":"2026-05-22T14:28:04.587Z"}
[2026-05-22T14:28:04.587Z] [INFO] {"id":"pressure-2","type":"pressure","value":87.88120983041586,"unit":"PSI","status":"warning","processedAt":"2026-05-22T14:28:04.587Z"}
[2026-05-22T14:28:04.587Z] [INFO] {"id":"humidity-3","type":"humidity","value":82.71987722644974,"unit":"%","status":"warning","processedAt":"2026-05-22T14:28:04.587Z"}
[2026-05-22T14:28:04.587Z] [WARN] {"id":"humidity-3","type":"humidity","value":82.71987722644974,"unit":"%","status":"warning","processedAt":"2026-05-22T14:28:04.587Z"}
[2026-05-22T14:28:06.588Z] [INFO] {"id":"temp-1","type":"temp","value":47,"unit":"C","status":"normal","processedAt":"2026-05-22T14:28:06.588Z"}
[2026-05-22T14:28:06.588Z] [INFO] {"id":"pressure-2","type":"pressure","value":68.42020123324657,"unit":"PSI","status":"normal","processedAt":"2026-05-22T14:28:06.588Z"}
[2026-05-22T14:28:06.588Z] [INFO] {"id":"humidity-3","type":"humidity","value":49.95315180286964,"unit":"%","status":"normal","processedAt":"2026-05-22T14:28:06.588Z"}
[2026-05-22T14:28:08.590Z] [INFO] {"id":"temp-1","type":"temp","value":-5.8,"unit":"C","status":"normal","processedAt":"2026-05-22T14:28:08.589Z"}
[2026-05-22T14:28:08.590Z] [INFO] {"id":"pressure-2","type":"pressure","value":44.834390453130496,"unit":"PSI","status":"normal","processedAt":"2026-05-22T14:28:08.590Z"}
[2026-05-22T14:28:08.590Z] [INFO] {"id":"humidity-3","type":"humidity","value":49.891079120792426,"unit":"%","status":"normal","processedAt":"2026-05-22T14:28:08.590Z"}
[2026-05-22T14:28:09.234Z] [INFO] System shutdown
[2026-05-22T14:29:03.583Z] [INFO] System started
[2026-05-22T14:29:05.583Z] [INFO] {"id":"temp-1","type":"temp","value":46,"unit":"C","status":"normal","processedAt":"2026-05-22T14:29:05.583Z"}
[2026-05-22T14:29:05.583Z] [INFO] {"id":"pressure-2","type":"pressure","value":8.608791389436874,"unit":"PSI","status":"normal","processedAt":"2026-05-22T14:29:05.583Z"}
[2026-05-22T14:29:05.584Z] [INFO] {"id":"humidity-3","type":"humidity","value":97.75239362780583,"unit":"%","status":"critical","processedAt":"2026-05-22T14:29:05.584Z"}
[2026-05-22T14:29:05.584Z] [ERROR] {"id":"humidity-3","type":"humidity","value":97.75239362780583,"unit":"%","status":"critical","processedAt":"2026-05-22T14:29:05.584Z"}
[2026-05-22T14:29:07.583Z] [INFO] {"id":"temp-1","type":"temp","value":-0.4,"unit":"C","status":"normal","processedAt":"2026-05-22T14:29:07.583Z"}
[2026-05-22T14:29:07.583Z] [INFO] {"id":"pressure-2","type":"pressure","value":99.6607650121108,"unit":"PSI","status":"critical","processedAt":"2026-05-22T14:29:07.583Z"}
[2026-05-22T14:29:07.583Z] [ERROR] {"id":"pressure-2","type":"pressure","value":99.6607650121108,"unit":"PSI","status":"critical","processedAt":"2026-05-22T14:29:07.583Z"}
[2026-05-22T14:29:07.583Z] [INFO] {"id":"humidity-3","type":"humidity","value":15.610977349409294,"unit":"%","status":"normal","processedAt":"2026-05-22T14:29:07.583Z"}
[2026-05-22T14:29:09.584Z] [INFO] {"id":"temp-1","type":"temp","value":46.3,"unit":"C","status":"normal","processedAt":"2026-05-22T14:29:09.584Z"}
[2026-05-22T14:29:09.584Z] [INFO] {"id":"pressure-2","type":"pressure","value":109.73190642658992,"unit":"PSI","status":"critical","processedAt":"2026-05-22T14:29:09.584Z"}
[2026-05-22T14:29:09.584Z] [ERROR] {"id":"pressure-2","type":"pressure","value":109.73190642658992,"unit":"PSI","status":"critical","processedAt":"2026-05-22T14:29:09.584Z"}
[2026-05-22T14:29:09.584Z] [INFO] {"id":"humidity-3","type":"humidity","value":10.549843637653765,"unit":"%","status":"normal","processedAt":"2026-05-22T14:29:09.584Z"}
[2026-05-22T14:29:11.585Z] [INFO] {"id":"temp-1","type":"temp","value":-9.6,"unit":"C","status":"normal","processedAt":"2026-05-22T14:29:11.585Z"}
[2026-05-22T14:29:11.585Z] [INFO] {"id":"pressure-2","type":"pressure","value":9.695235200203758,"unit":"PSI","status":"normal","processedAt":"2026-05-22T14:29:11.585Z"}
[2026-05-22T14:29:11.585Z] [INFO] {"id":"humidity-3","type":"humidity","value":1.5909798067415104,"unit":"%","status":"normal","processedAt":"2026-05-22T14:29:11.585Z"}
[2026-05-22T14:29:13.586Z] [INFO] {"id":"temp-1","type":"temp","value":-0.2,"unit":"C","status":"normal","processedAt":"2026-05-22T14:29:13.586Z"}
[2026-05-22T14:29:13.586Z] [INFO] {"id":"humidity-3","type":"humidity","value":28.07344202159472,"unit":"%","status":"normal","processedAt":"2026-05-22T14:29:13.586Z"}
[2026-05-22T14:29:13.586Z] [INFO] {"id":"pressure-2","type":"pressure","value":2.071269922746719,"unit":"PSI","status":"normal","processedAt":"2026-05-22T14:29:13.586Z"}
[2026-05-22T14:29:15.587Z] [INFO] {"id":"temp-1","type":"temp","value":-17,"unit":"C","status":"normal","processedAt":"2026-05-22T14:29:15.587Z"}
[2026-05-22T14:29:15.588Z] [INFO] {"id":"pressure-2","type":"pressure","value":97.74037712735473,"unit":"PSI","status":"critical","processedAt":"2026-05-22T14:29:15.588Z"}
[2026-05-22T14:29:15.588Z] [ERROR] {"id":"pressure-2","type":"pressure","value":97.74037712735473,"unit":"PSI","status":"critical","processedAt":"2026-05-22T14:29:15.588Z"}
[2026-05-22T14:29:15.588Z] [INFO] {"id":"humidity-3","type":"humidity","value":84.43570191612385,"unit":"%","status":"warning","processedAt":"2026-05-22T14:29:15.588Z"}
[2026-05-22T14:29:15.588Z] [WARN] {"id":"humidity-3","type":"humidity","value":84.43570191612385,"unit":"%","status":"warning","processedAt":"2026-05-22T14:29:15.588Z"}
[2026-05-22T14:29:17.588Z] [INFO] {"id":"temp-1","type":"temp","value":21.2,"unit":"C","status":"normal","processedAt":"2026-05-22T14:29:17.588Z"}
[2026-05-22T14:29:17.588Z] [INFO] {"id":"pressure-2","type":"pressure","value":86.60848557897465,"unit":"PSI","status":"warning","processedAt":"2026-05-22T14:29:17.588Z"}
[2026-05-22T14:29:17.588Z] [INFO] {"id":"humidity-3","type":"humidity","value":82.11677071177215,"unit":"%","status":"warning","processedAt":"2026-05-22T14:29:17.588Z"}
[2026-05-22T14:29:17.588Z] [WARN] {"id":"humidity-3","type":"humidity","value":82.11677071177215,"unit":"%","status":"warning","processedAt":"2026-05-22T14:29:17.588Z"}
[2026-05-22T14:29:17.588Z] [WARN] {"id":"pressure-2","type":"pressure","value":86.60848557897465,"unit":"PSI","status":"warning","processedAt":"2026-05-22T14:29:17.588Z"}
[2026-05-22T14:29:19.590Z] [INFO] {"id":"temp-1","type":"temp","value":-10.9,"unit":"C","status":"normal","processedAt":"2026-05-22T14:29:19.590Z"}
[2026-05-22T14:29:19.590Z] [WARN] {"id":"pressure-2","type":"pressure","value":84.02720662941462,"unit":"PSI","status":"warning","processedAt":"2026-05-22T14:29:19.590Z"}
[2026-05-22T14:29:19.590Z] [INFO] {"id":"pressure-2","type":"pressure","value":84.02720662941462,"unit":"PSI","status":"warning","processedAt":"2026-05-22T14:29:19.590Z"}
[2026-05-22T14:29:19.590Z] [INFO] {"id":"humidity-3","type":"humidity","value":99.4231264833545,"unit":"%","status":"critical","processedAt":"2026-05-22T14:29:19.590Z"}
[2026-05-22T14:29:19.590Z] [ERROR] {"id":"humidity-3","type":"humidity","value":99.4231264833545,"unit":"%","status":"critical","processedAt":"2026-05-22T14:29:19.590Z"}
[2026-05-22T14:29:21.591Z] [INFO] {"id":"temp-1","type":"temp","value":-1.1,"unit":"C","status":"normal","processedAt":"2026-05-22T14:29:21.591Z"}
[2026-05-22T14:29:21.591Z] [INFO] {"id":"pressure-2","type":"pressure","value":46.50646971417046,"unit":"PSI","status":"normal","processedAt":"2026-05-22T14:29:21.591Z"}
[2026-05-22T14:29:21.591Z] [INFO] {"id":"humidity-3","type":"humidity","value":89.86963951907798,"unit":"%","status":"warning","processedAt":"2026-05-22T14:29:21.591Z"}
[2026-05-22T14:29:21.591Z] [WARN] {"id":"humidity-3","type":"humidity","value":89.86963951907798,"unit":"%","status":"warning","processedAt":"2026-05-22T14:29:21.591Z"}
[2026-05-22T14:29:23.591Z] [INFO] {"id":"temp-1","type":"temp","value":-1.3,"unit":"C","status":"normal","processedAt":"2026-05-22T14:29:23.591Z"}
[2026-05-22T14:29:23.591Z] [INFO] {"id":"pressure-2","type":"pressure","value":20.76241432662271,"unit":"PSI","status":"normal","processedAt":"2026-05-22T14:29:23.591Z"}
[2026-05-22T14:29:23.591Z] [INFO] {"id":"humidity-3","type":"humidity","value":16.117098670563824,"unit":"%","status":"normal","processedAt":"2026-05-22T14:29:23.591Z"}
[2026-05-22T14:29:25.593Z] [INFO] {"id":"temp-1","type":"temp","value":42.5,"unit":"C","status":"normal","processedAt":"2026-05-22T14:29:25.592Z"}
[2026-05-22T14:29:25.593Z] [ERROR] {"id":"pressure-2","type":"pressure","value":110.9908266028219,"unit":"PSI","status":"critical","processedAt":"2026-05-22T14:29:25.593Z"}
[2026-05-22T14:29:25.593Z] [ERROR] {"id":"humidity-3","type":"humidity","value":96.42502058047306,"unit":"%","status":"critical","processedAt":"2026-05-22T14:29:25.593Z"}
[2026-05-22T14:29:25.593Z] [INFO] {"id":"pressure-2","type":"pressure","value":110.9908266028219,"unit":"PSI","status":"critical","processedAt":"2026-05-22T14:29:25.593Z"}
[2026-05-22T14:29:25.593Z] [INFO] {"id":"humidity-3","type":"humidity","value":96.42502058047306,"unit":"%","status":"critical","processedAt":"2026-05-22T14:29:25.593Z"}
[2026-05-22T14:29:27.593Z] [INFO] {"id":"temp-1","type":"temp","value":38.8,"unit":"C","status":"normal","processedAt":"2026-05-22T14:29:27.593Z"}
[2026-05-22T14:29:27.593Z] [INFO] {"id":"pressure-2","type":"pressure","value":32.143641735317495,"unit":"PSI","status":"normal","processedAt":"2026-05-22T14:29:27.593Z"}
[2026-05-22T14:29:27.593Z] [INFO] {"id":"humidity-3","type":"humidity","value":47.5586282096802,"unit":"%","status":"normal","processedAt":"2026-05-22T14:29:27.593Z"}
[2026-05-22T14:29:29.593Z] [INFO] {"id":"temp-1","type":"temp","value":-13.8,"unit":"C","status":"normal","processedAt":"2026-05-22T14:29:29.593Z"}
[2026-05-22T14:29:29.594Z] [INFO] {"id":"pressure-2","type":"pressure","value":72.48021015582404,"unit":"PSI","status":"warning","processedAt":"2026-05-22T14:29:29.594Z"}
[2026-05-22T14:29:29.594Z] [WARN] {"id":"pressure-2","type":"pressure","value":72.48021015582404,"unit":"PSI","status":"warning","processedAt":"2026-05-22T14:29:29.594Z"}
[2026-05-22T14:29:29.594Z] [INFO] {"id":"humidity-3","type":"humidity","value":81.65544590722634,"unit":"%","status":"warning","processedAt":"2026-05-22T14:29:29.594Z"}
[2026-05-22T14:29:29.594Z] [WARN] {"id":"humidity-3","type":"humidity","value":81.65544590722634,"unit":"%","status":"warning","processedAt":"2026-05-22T14:29:29.594Z"}
[2026-05-22T14:29:31.595Z] [INFO] {"id":"temp-1","type":"temp","value":36.2,"unit":"C","status":"normal","processedAt":"2026-05-22T14:29:31.595Z"}
[2026-05-22T14:29:31.595Z] [INFO] {"id":"pressure-2","type":"pressure","value":31.36854691262272,"unit":"PSI","status":"normal","processedAt":"2026-05-22T14:29:31.595Z"}
[2026-05-22T14:29:31.595Z] [INFO] {"id":"humidity-3","type":"humidity","value":41.36483539284836,"unit":"%","status":"normal","processedAt":"2026-05-22T14:29:31.595Z"}
[2026-05-22T14:29:33.595Z] [INFO] {"id":"temp-1","type":"temp","value":-7.8,"unit":"C","status":"normal","processedAt":"2026-05-22T14:29:33.595Z"}
[2026-05-22T14:29:33.595Z] [INFO] {"id":"humidity-3","type":"humidity","value":68.26943922781865,"unit":"%","status":"normal","processedAt":"2026-05-22T14:29:33.595Z"}
[2026-05-22T14:29:33.595Z] [INFO] {"id":"pressure-2","type":"pressure","value":20.1837214567868,"unit":"PSI","status":"normal","processedAt":"2026-05-22T14:29:33.595Z"}
[2026-05-22T14:29:35.596Z] [INFO] {"id":"temp-1","type":"temp","value":-3.2,"unit":"C","status":"normal","processedAt":"2026-05-22T14:29:35.596Z"}
[2026-05-22T14:29:35.596Z] [INFO] {"id":"pressure-2","type":"pressure","value":61.98070211716683,"unit":"PSI","status":"normal","processedAt":"2026-05-22T14:29:35.596Z"}
[2026-05-22T14:29:35.596Z] [INFO] {"id":"humidity-3","type":"humidity","value":63.426280838648594,"unit":"%","status":"normal","processedAt":"2026-05-22T14:29:35.596Z"}
[2026-05-22T14:29:37.596Z] [INFO] {"id":"temp-1","type":"temp","value":-9.4,"unit":"C","status":"normal","processedAt":"2026-05-22T14:29:37.596Z"}
[2026-05-22T14:29:37.596Z] [INFO] {"id":"pressure-2","type":"pressure","value":86.74863670511748,"unit":"PSI","status":"warning","processedAt":"2026-05-22T14:29:37.596Z"}
[2026-05-22T14:29:37.596Z] [WARN] {"id":"pressure-2","type":"pressure","value":86.74863670511748,"unit":"PSI","status":"warning","processedAt":"2026-05-22T14:29:37.596Z"}
[2026-05-22T14:29:37.596Z] [INFO] {"id":"humidity-3","type":"humidity","value":14.933106259243578,"unit":"%","status":"normal","processedAt":"2026-05-22T14:29:37.596Z"}
[2026-05-22T14:29:39.597Z] [INFO] {"id":"temp-1","type":"temp","value":35.6,"unit":"C","status":"normal","processedAt":"2026-05-22T14:29:39.597Z"}
[2026-05-22T14:29:39.597Z] [INFO] {"id":"pressure-2","type":"pressure","value":42.33111895515067,"unit":"PSI","status":"normal","processedAt":"2026-05-22T14:29:39.597Z"}
[2026-05-22T14:29:39.597Z] [INFO] {"id":"humidity-3","type":"humidity","value":37.757300946818994,"unit":"%","status":"normal","processedAt":"2026-05-22T14:29:39.597Z"}
[2026-05-22T14:29:41.597Z] [INFO] {"id":"temp-1","type":"temp","value":32,"unit":"C","status":"normal","processedAt":"2026-05-22T14:29:41.597Z"}
[2026-05-22T14:29:41.597Z] [INFO] {"id":"pressure-2","type":"pressure","value":104.47935112368758,"unit":"PSI","status":"critical","processedAt":"2026-05-22T14:29:41.597Z"}
[2026-05-22T14:29:41.597Z] [ERROR] {"id":"pressure-2","type":"pressure","value":104.47935112368758,"unit":"PSI","status":"critical","processedAt":"2026-05-22T14:29:41.597Z"}
[2026-05-22T14:29:41.597Z] [INFO] {"id":"humidity-3","type":"humidity","value":28.652228816502788,"unit":"%","status":"normal","processedAt":"2026-05-22T14:29:41.597Z"}
[2026-05-22T14:29:43.598Z] [INFO] {"id":"temp-1","type":"temp","value":44.1,"unit":"C","status":"normal","processedAt":"2026-05-22T14:29:43.598Z"}
[2026-05-22T14:29:43.598Z] [INFO] {"id":"pressure-2","type":"pressure","value":82.04010552533099,"unit":"PSI","status":"warning","processedAt":"2026-05-22T14:29:43.598Z"}
[2026-05-22T14:29:43.598Z] [WARN] {"id":"pressure-2","type":"pressure","value":82.04010552533099,"unit":"PSI","status":"warning","processedAt":"2026-05-22T14:29:43.598Z"}
[2026-05-22T14:29:43.598Z] [INFO] {"id":"humidity-3","type":"humidity","value":47.567930599983264,"unit":"%","status":"normal","processedAt":"2026-05-22T14:29:43.598Z"}
[2026-05-22T14:29:45.598Z] [INFO] {"id":"temp-1","type":"temp","value":45.1,"unit":"C","status":"normal","processedAt":"2026-05-22T14:29:45.598Z"}
[2026-05-22T14:29:45.598Z] [INFO] {"id":"pressure-2","type":"pressure","value":30.043355693629525,"unit":"PSI","status":"normal","processedAt":"2026-05-22T14:29:45.598Z"}
[2026-05-22T14:29:45.598Z] [INFO] {"id":"humidity-3","type":"humidity","value":50.83365681341646,"unit":"%","status":"normal","processedAt":"2026-05-22T14:29:45.598Z"}
[2026-05-22T14:29:47.599Z] [INFO] {"id":"temp-1","type":"temp","value":47.2,"unit":"C","status":"normal","processedAt":"2026-05-22T14:29:47.599Z"}
[2026-05-22T14:29:47.599Z] [INFO] {"id":"pressure-2","type":"pressure","value":7.1513064053403985,"unit":"PSI","status":"normal","processedAt":"2026-05-22T14:29:47.599Z"}
[2026-05-22T14:29:47.599Z] [INFO] {"id":"humidity-3","type":"humidity","value":74.48904465127778,"unit":"%","status":"warning","processedAt":"2026-05-22T14:29:47.599Z"}
[2026-05-22T14:29:47.599Z] [WARN] {"id":"humidity-3","type":"humidity","value":74.48904465127778,"unit":"%","status":"warning","processedAt":"2026-05-22T14:29:47.599Z"}
[2026-05-22T14:29:49.600Z] [INFO] {"id":"temp-1","type":"temp","value":46.9,"unit":"C","status":"normal","processedAt":"2026-05-22T14:29:49.600Z"}
[2026-05-22T14:29:49.601Z] [INFO] {"id":"pressure-2","type":"pressure","value":44.838739859999414,"unit":"PSI","status":"normal","processedAt":"2026-05-22T14:29:49.601Z"}
[2026-05-22T14:29:49.601Z] [INFO] {"id":"humidity-3","type":"humidity","value":25.302921565422707,"unit":"%","status":"normal","processedAt":"2026-05-22T14:29:49.601Z"}
[2026-05-22T14:29:51.602Z] [INFO] {"id":"temp-1","type":"temp","value":24.7,"unit":"C","status":"normal","processedAt":"2026-05-22T14:29:51.602Z"}
[2026-05-22T14:29:51.602Z] [INFO] {"id":"pressure-2","type":"pressure","value":47.495491872658505,"unit":"PSI","status":"normal","processedAt":"2026-05-22T14:29:51.602Z"}
[2026-05-22T14:29:51.602Z] [INFO] {"id":"humidity-3","type":"humidity","value":61.442641685475465,"unit":"%","status":"normal","processedAt":"2026-05-22T14:29:51.602Z"}
[2026-05-22T14:29:53.603Z] [INFO] {"id":"temp-1","type":"temp","value":-7.1,"unit":"C","status":"normal","processedAt":"2026-05-22T14:29:53.603Z"}
[2026-05-22T14:29:53.603Z] [INFO] {"id":"pressure-2","type":"pressure","value":101.38796457020356,"unit":"PSI","status":"critical","processedAt":"2026-05-22T14:29:53.603Z"}
[2026-05-22T14:29:53.603Z] [ERROR] {"id":"pressure-2","type":"pressure","value":101.38796457020356,"unit":"PSI","status":"critical","processedAt":"2026-05-22T14:29:53.603Z"}
[2026-05-22T14:29:53.603Z] [INFO] {"id":"humidity-3","type":"humidity","value":13.128886415589381,"unit":"%","status":"normal","processedAt":"2026-05-22T14:29:53.603Z"}
[2026-05-22T14:29:55.603Z] [INFO] {"id":"temp-1","type":"temp","value":45.3,"unit":"C","status":"normal","processedAt":"2026-05-22T14:29:55.603Z"}
[2026-05-22T14:29:55.604Z] [ERROR] {"id":"pressure-2","type":"pressure","value":118.35637360412203,"unit":"PSI","status":"critical","processedAt":"2026-05-22T14:29:55.604Z"}
[2026-05-22T14:29:55.604Z] [INFO] {"id":"pressure-2","type":"pressure","value":118.35637360412203,"unit":"PSI","status":"critical","processedAt":"2026-05-22T14:29:55.604Z"}
[2026-05-22T14:29:55.604Z] [INFO] {"id":"humidity-3","type":"humidity","value":33.316008523986774,"unit":"%","status":"normal","processedAt":"2026-05-22T14:29:55.604Z"}
[2026-05-22T14:29:57.604Z] [INFO] {"id":"temp-1","type":"temp","value":-8.6,"unit":"C","status":"normal","processedAt":"2026-05-22T14:29:57.604Z"}
[2026-05-22T14:29:57.604Z] [INFO] {"id":"pressure-2","type":"pressure","value":64.71364952997934,"unit":"PSI","status":"normal","processedAt":"2026-05-22T14:29:57.604Z"}
[2026-05-22T14:29:57.604Z] [WARN] {"id":"humidity-3","type":"humidity","value":71.80987738791228,"unit":"%","status":"warning","processedAt":"2026-05-22T14:29:57.604Z"}
[2026-05-22T14:29:57.604Z] [INFO] {"id":"humidity-3","type":"humidity","value":71.80987738791228,"unit":"%","status":"warning","processedAt":"2026-05-22T14:29:57.604Z"}
[2026-05-22T14:29:59.606Z] [INFO] {"id":"temp-1","type":"temp","value":29.3,"unit":"C","status":"normal","processedAt":"2026-05-22T14:29:59.606Z"}
[2026-05-22T14:29:59.606Z] [INFO] {"id":"pressure-2","type":"pressure","value":114.32413016635407,"unit":"PSI","status":"critical","processedAt":"2026-05-22T14:29:59.606Z"}
[2026-05-22T14:29:59.606Z] [ERROR] {"id":"pressure-2","type":"pressure","value":114.32413016635407,"unit":"PSI","status":"critical","processedAt":"2026-05-22T14:29:59.606Z"}
[2026-05-22T14:29:59.606Z] [INFO] {"id":"humidity-3","type":"humidity","value":47.73526476796746,"unit":"%","status":"normal","processedAt":"2026-05-22T14:29:59.606Z"}
[2026-05-22T14:30:01.606Z] [INFO] {"id":"temp-1","type":"temp","value":2.5,"unit":"C","status":"normal","processedAt":"2026-05-22T14:30:01.606Z"}
[2026-05-22T14:30:01.606Z] [INFO] {"id":"pressure-2","type":"pressure","value":6.228149837551467,"unit":"PSI","status":"normal","processedAt":"2026-05-22T14:30:01.606Z"}
[2026-05-22T14:30:01.606Z] [INFO] {"id":"humidity-3","type":"humidity","value":20.501166049327978,"unit":"%","status":"normal","processedAt":"2026-05-22T14:30:01.606Z"}
[2026-05-22T14:30:03.607Z] [INFO] {"id":"temp-1","type":"temp","value":45,"unit":"C","status":"normal","processedAt":"2026-05-22T14:30:03.607Z"}
[2026-05-22T14:30:03.607Z] [INFO] {"id":"pressure-2","type":"pressure","value":99.54423044693596,"unit":"PSI","status":"critical","processedAt":"2026-05-22T14:30:03.607Z"}
[2026-05-22T14:30:03.607Z] [ERROR] {"id":"pressure-2","type":"pressure","value":99.54423044693596,"unit":"PSI","status":"critical","processedAt":"2026-05-22T14:30:03.607Z"}
[2026-05-22T14:30:03.607Z] [INFO] {"id":"humidity-3","type":"humidity","value":3.6423466155252493,"unit":"%","status":"normal","processedAt":"2026-05-22T14:30:03.607Z"}
[2026-05-22T14:30:05.607Z] [INFO] {"id":"temp-1","type":"temp","value":33.1,"unit":"C","status":"normal","processedAt":"2026-05-22T14:30:05.607Z"}
[2026-05-22T14:30:05.608Z] [INFO] {"id":"humidity-3","type":"humidity","value":72.74598147404564,"unit":"%","status":"warning","processedAt":"2026-05-22T14:30:05.608Z"}
[2026-05-22T14:30:05.608Z] [WARN] {"id":"humidity-3","type":"humidity","value":72.74598147404564,"unit":"%","status":"warning","processedAt":"2026-05-22T14:30:05.608Z"}
[2026-05-22T14:30:05.608Z] [INFO] {"id":"pressure-2","type":"pressure","value":30.816558068015457,"unit":"PSI","status":"normal","processedAt":"2026-05-22T14:30:05.608Z"}
[2026-05-22T14:30:07.608Z] [INFO] {"id":"temp-1","type":"temp","value":-11.4,"unit":"C","status":"normal","processedAt":"2026-05-22T14:30:07.608Z"}
[2026-05-22T14:30:07.608Z] [INFO] {"id":"pressure-2","type":"pressure","value":108.52911862457978,"unit":"PSI","status":"critical","processedAt":"2026-05-22T14:30:07.608Z"}
[2026-05-22T14:30:07.608Z] [ERROR] {"id":"pressure-2","type":"pressure","value":108.52911862457978,"unit":"PSI","status":"critical","processedAt":"2026-05-22T14:30:07.608Z"}
[2026-05-22T14:30:07.608Z] [INFO] {"id":"humidity-3","type":"humidity","value":93.84759738246274,"unit":"%","status":"critical","processedAt":"2026-05-22T14:30:07.608Z"}
[2026-05-22T14:30:07.608Z] [ERROR] {"id":"humidity-3","type":"humidity","value":93.84759738246274,"unit":"%","status":"critical","processedAt":"2026-05-22T14:30:07.608Z"}
[2026-05-22T14:32:11.319Z] [INFO] System started
[2026-05-22T14:32:13.321Z] [INFO] {"id":"temp-1","type":"temp","value":-0.6,"unit":"C","status":"normal","processedAt":"2026-05-22T14:32:13.320Z"}
[2026-05-22T14:32:13.321Z] [INFO] {"id":"pressure-2","type":"pressure","value":42.73554647824816,"unit":"PSI","status":"normal","processedAt":"2026-05-22T14:32:13.321Z"}
[2026-05-22T14:32:13.321Z] [INFO] {"id":"humidity-3","type":"humidity","value":63.168737082295635,"unit":"%","status":"normal","processedAt":"2026-05-22T14:32:13.321Z"}
[2026-05-22T14:32:15.316Z] [INFO] {"id":"temp-1","type":"temp","value":-15.3,"unit":"C","status":"normal","processedAt":"2026-05-22T14:32:15.316Z"}
[2026-05-22T14:32:15.317Z] [INFO] {"id":"pressure-2","type":"pressure","value":87.17216591164458,"unit":"PSI","status":"warning","processedAt":"2026-05-22T14:32:15.317Z"}
[2026-05-22T14:32:15.317Z] [WARN] {"id":"pressure-2","type":"pressure","value":87.17216591164458,"unit":"PSI","status":"warning","processedAt":"2026-05-22T14:32:15.317Z"}
[2026-05-22T14:32:15.317Z] [INFO] {"id":"humidity-3","type":"humidity","value":11.419709645001708,"unit":"%","status":"normal","processedAt":"2026-05-22T14:32:15.317Z"}
[2026-05-22T14:32:17.317Z] [INFO] {"id":"temp-1","type":"temp","value":-11.3,"unit":"C","status":"normal","processedAt":"2026-05-22T14:32:17.317Z"}
[2026-05-22T14:32:17.317Z] [INFO] {"id":"pressure-2","type":"pressure","value":3.581886425865335,"unit":"PSI","status":"normal","processedAt":"2026-05-22T14:32:17.317Z"}
[2026-05-22T14:32:17.317Z] [INFO] {"id":"humidity-3","type":"humidity","value":21.796359521967545,"unit":"%","status":"normal","processedAt":"2026-05-22T14:32:17.317Z"}
[2026-05-22T14:32:19.318Z] [INFO] {"id":"temp-1","type":"temp","value":33.5,"unit":"C","status":"normal","processedAt":"2026-05-22T14:32:19.318Z"}
[2026-05-22T14:32:19.318Z] [INFO] {"id":"pressure-2","type":"pressure","value":46.074651254354954,"unit":"PSI","status":"normal","processedAt":"2026-05-22T14:32:19.318Z"}
[2026-05-22T14:32:19.318Z] [INFO] {"id":"humidity-3","type":"humidity","value":16.45440518023984,"unit":"%","status":"normal","processedAt":"2026-05-22T14:32:19.318Z"}
[2026-05-22T14:32:21.319Z] [INFO] {"id":"temp-1","type":"temp","value":-12.1,"unit":"C","status":"normal","processedAt":"2026-05-22T14:32:21.319Z"}
[2026-05-22T14:32:21.319Z] [INFO] {"id":"pressure-2","type":"pressure","value":27.09521806288859,"unit":"PSI","status":"normal","processedAt":"2026-05-22T14:32:21.319Z"}
[2026-05-22T14:32:21.319Z] [ERROR] {"id":"humidity-3","type":"humidity","value":98.81201761351485,"unit":"%","status":"critical","processedAt":"2026-05-22T14:32:21.319Z"}
[2026-05-22T14:32:21.319Z] [INFO] {"id":"humidity-3","type":"humidity","value":98.81201761351485,"unit":"%","status":"critical","processedAt":"2026-05-22T14:32:21.319Z"}
[2026-05-22T14:32:23.320Z] [INFO] {"id":"temp-1","type":"temp","value":-9.2,"unit":"C","status":"normal","processedAt":"2026-05-22T14:32:23.320Z"}
[2026-05-22T14:32:23.320Z] [INFO] {"id":"pressure-2","type":"pressure","value":110.06746121703429,"unit":"PSI","status":"critical","processedAt":"2026-05-22T14:32:23.320Z"}
[2026-05-22T14:32:23.320Z] [INFO] {"id":"humidity-3","type":"humidity","value":42.45979369466664,"unit":"%","status":"normal","processedAt":"2026-05-22T14:32:23.320Z"}
[2026-05-22T14:32:23.320Z] [ERROR] {"id":"pressure-2","type":"pressure","value":110.06746121703429,"unit":"PSI","status":"critical","processedAt":"2026-05-22T14:32:23.320Z"}
[2026-05-22T14:32:25.321Z] [INFO] {"id":"temp-1","type":"temp","value":48.5,"unit":"C","status":"normal","processedAt":"2026-05-22T14:32:25.321Z"}
[2026-05-22T14:32:25.321Z] [INFO] {"id":"pressure-2","type":"pressure","value":111.48146867297814,"unit":"PSI","status":"critical","processedAt":"2026-05-22T14:32:25.321Z"}
[2026-05-22T14:32:25.321Z] [ERROR] {"id":"pressure-2","type":"pressure","value":111.48146867297814,"unit":"PSI","status":"critical","processedAt":"2026-05-22T14:32:25.321Z"}
[2026-05-22T14:32:25.321Z] [INFO] {"id":"humidity-3","type":"humidity","value":26.51121991355525,"unit":"%","status":"normal","processedAt":"2026-05-22T14:32:25.321Z"}
[2026-05-22T14:32:27.322Z] [INFO] {"id":"temp-1","type":"temp","value":45.1,"unit":"C","status":"normal","processedAt":"2026-05-22T14:32:27.322Z"}
[2026-05-22T14:32:27.322Z] [ERROR] {"id":"pressure-2","type":"pressure","value":110.28714682137934,"unit":"PSI","status":"critical","processedAt":"2026-05-22T14:32:27.322Z"}
[2026-05-22T14:32:27.322Z] [INFO] {"id":"pressure-2","type":"pressure","value":110.28714682137934,"unit":"PSI","status":"critical","processedAt":"2026-05-22T14:32:27.322Z"}
[2026-05-22T14:32:27.322Z] [INFO] {"id":"humidity-3","type":"humidity","value":56.16776448604107,"unit":"%","status":"normal","processedAt":"2026-05-22T14:32:27.322Z"}
[2026-05-22T14:32:29.322Z] [INFO] {"id":"temp-1","type":"temp","value":9,"unit":"C","status":"normal","processedAt":"2026-05-22T14:32:29.322Z"}
[2026-05-22T14:32:29.322Z] [ERROR] {"id":"pressure-2","type":"pressure","value":93.72678542084022,"unit":"PSI","status":"critical","processedAt":"2026-05-22T14:32:29.322Z"}
[2026-05-22T14:32:29.322Z] [INFO] {"id":"pressure-2","type":"pressure","value":93.72678542084022,"unit":"PSI","status":"critical","processedAt":"2026-05-22T14:32:29.322Z"}
[2026-05-22T14:32:29.322Z] [INFO] {"id":"humidity-3","type":"humidity","value":50.44515282024571,"unit":"%","status":"normal","processedAt":"2026-05-22T14:32:29.322Z"}
[2026-05-22T14:32:31.323Z] [INFO] {"id":"temp-1","type":"temp","value":-3.1,"unit":"C","status":"normal","processedAt":"2026-05-22T14:32:31.323Z"}
[2026-05-22T14:32:31.323Z] [INFO] {"id":"pressure-2","type":"pressure","value":107.92942102010885,"unit":"PSI","status":"critical","processedAt":"2026-05-22T14:32:31.323Z"}
[2026-05-22T14:32:31.323Z] [ERROR] {"id":"pressure-2","type":"pressure","value":107.92942102010885,"unit":"PSI","status":"critical","processedAt":"2026-05-22T14:32:31.323Z"}
[2026-05-22T14:32:31.323Z] [INFO] {"id":"humidity-3","type":"humidity","value":65.01738394041719,"unit":"%","status":"normal","processedAt":"2026-05-22T14:32:31.323Z"}
[2026-05-22T14:32:33.325Z] [INFO] {"id":"temp-1","type":"temp","value":3,"unit":"C","status":"normal","processedAt":"2026-05-22T14:32:33.325Z"}
[2026-05-22T14:32:33.325Z] [INFO] {"id":"pressure-2","type":"pressure","value":38.54761695518498,"unit":"PSI","status":"normal","processedAt":"2026-05-22T14:32:33.325Z"}
[2026-05-22T14:32:33.325Z] [INFO] {"id":"humidity-3","type":"humidity","value":15.481164794628832,"unit":"%","status":"normal","processedAt":"2026-05-22T14:32:33.325Z"}
[2026-05-22T14:32:35.325Z] [INFO] {"id":"temp-1","type":"temp","value":20,"unit":"C","status":"normal","processedAt":"2026-05-22T14:32:35.325Z"}
[2026-05-22T14:32:35.325Z] [INFO] {"id":"pressure-2","type":"pressure","value":87.82311994193167,"unit":"PSI","status":"warning","processedAt":"2026-05-22T14:32:35.325Z"}
[2026-05-22T14:32:35.325Z] [INFO] {"id":"humidity-3","type":"humidity","value":44.62191278374974,"unit":"%","status":"normal","processedAt":"2026-05-22T14:32:35.325Z"}
[2026-05-22T14:32:35.325Z] [WARN] {"id":"pressure-2","type":"pressure","value":87.82311994193167,"unit":"PSI","status":"warning","processedAt":"2026-05-22T14:32:35.325Z"}
[2026-05-22T14:32:37.326Z] [INFO] {"id":"temp-1","type":"temp","value":35.9,"unit":"C","status":"normal","processedAt":"2026-05-22T14:32:37.326Z"}
[2026-05-22T14:32:37.326Z] [INFO] {"id":"pressure-2","type":"pressure","value":44.280765749598466,"unit":"PSI","status":"normal","processedAt":"2026-05-22T14:32:37.326Z"}
[2026-05-22T14:32:37.326Z] [INFO] {"id":"humidity-3","type":"humidity","value":24.7854790162899,"unit":"%","status":"normal","processedAt":"2026-05-22T14:32:37.326Z"}
[2026-05-22T14:32:39.326Z] [INFO] {"id":"temp-1","type":"temp","value":42.1,"unit":"C","status":"normal","processedAt":"2026-05-22T14:32:39.326Z"}
[2026-05-22T14:32:39.327Z] [INFO] {"id":"humidity-3","type":"humidity","value":87.56035146353469,"unit":"%","status":"warning","processedAt":"2026-05-22T14:32:39.327Z"}
[2026-05-22T14:32:39.327Z] [INFO] {"id":"pressure-2","type":"pressure","value":75.03471105952245,"unit":"PSI","status":"warning","processedAt":"2026-05-22T14:32:39.327Z"}
[2026-05-22T14:32:39.327Z] [WARN] {"id":"pressure-2","type":"pressure","value":75.03471105952245,"unit":"PSI","status":"warning","processedAt":"2026-05-22T14:32:39.327Z"}
[2026-05-22T14:32:39.327Z] [WARN] {"id":"humidity-3","type":"humidity","value":87.56035146353469,"unit":"%","status":"warning","processedAt":"2026-05-22T14:32:39.327Z"}
[2026-05-22T14:32:41.326Z] [INFO] {"id":"temp-1","type":"temp","value":-17,"unit":"C","status":"normal","processedAt":"2026-05-22T14:32:41.326Z"}
[2026-05-22T14:32:41.326Z] [INFO] {"id":"pressure-2","type":"pressure","value":70.21039674585519,"unit":"PSI","status":"warning","processedAt":"2026-05-22T14:32:41.326Z"}
[2026-05-22T14:32:41.326Z] [WARN] {"id":"pressure-2","type":"pressure","value":70.21039674585519,"unit":"PSI","status":"warning","processedAt":"2026-05-22T14:32:41.326Z"}
[2026-05-22T14:32:41.326Z] [INFO] {"id":"humidity-3","type":"humidity","value":21.88754897645889,"unit":"%","status":"normal","processedAt":"2026-05-22T14:32:41.326Z"}
[2026-05-22T14:32:43.327Z] [INFO] {"id":"temp-1","type":"temp","value":-2.6,"unit":"C","status":"normal","processedAt":"2026-05-22T14:32:43.327Z"}
[2026-05-22T14:32:43.327Z] [INFO] {"id":"pressure-2","type":"pressure","value":12.856465787156228,"unit":"PSI","status":"normal","processedAt":"2026-05-22T14:32:43.327Z"}
[2026-05-22T14:32:43.327Z] [INFO] {"id":"humidity-3","type":"humidity","value":16.60571152346897,"unit":"%","status":"normal","processedAt":"2026-05-22T14:32:43.327Z"}
[2026-05-22T14:32:45.329Z] [INFO] {"id":"temp-1","type":"temp","value":27.1,"unit":"C","status":"normal","processedAt":"2026-05-22T14:32:45.329Z"}
[2026-05-22T14:32:45.329Z] [INFO] {"id":"pressure-2","type":"pressure","value":63.468046283079296,"unit":"PSI","status":"normal","processedAt":"2026-05-22T14:32:45.329Z"}
[2026-05-22T14:32:45.329Z] [WARN] {"id":"humidity-3","type":"humidity","value":89.51377636197371,"unit":"%","status":"warning","processedAt":"2026-05-22T14:32:45.329Z"}
[2026-05-22T14:32:45.329Z] [INFO] {"id":"humidity-3","type":"humidity","value":89.51377636197371,"unit":"%","status":"warning","processedAt":"2026-05-22T14:32:45.329Z"}
[2026-05-22T14:32:47.330Z] [INFO] {"id":"temp-1","type":"temp","value":30.6,"unit":"C","status":"normal","processedAt":"2026-05-22T14:32:47.330Z"}
[2026-05-22T14:32:47.330Z] [INFO] {"id":"pressure-2","type":"pressure","value":56.81561204913533,"unit":"PSI","status":"normal","processedAt":"2026-05-22T14:32:47.330Z"}
[2026-05-22T14:32:47.330Z] [INFO] {"id":"humidity-3","type":"humidity","value":98.34562814926497,"unit":"%","status":"critical","processedAt":"2026-05-22T14:32:47.330Z"}
[2026-05-22T14:32:47.330Z] [ERROR] {"id":"humidity-3","type":"humidity","value":98.34562814926497,"unit":"%","status":"critical","processedAt":"2026-05-22T14:32:47.330Z"}
[2026-05-22T14:32:49.332Z] [INFO] {"id":"temp-1","type":"temp","value":7.7,"unit":"C","status":"normal","processedAt":"2026-05-22T14:32:49.332Z"}
[2026-05-22T14:32:49.332Z] [INFO] {"id":"pressure-2","type":"pressure","value":104.58415417138625,"unit":"PSI","status":"critical","processedAt":"2026-05-22T14:32:49.332Z"}
[2026-05-22T14:32:49.332Z] [ERROR] {"id":"pressure-2","type":"pressure","value":104.58415417138625,"unit":"PSI","status":"critical","processedAt":"2026-05-22T14:32:49.332Z"}
[2026-05-22T14:32:49.332Z] [INFO] {"id":"humidity-3","type":"humidity","value":59.51212824371931,"unit":"%","status":"normal","processedAt":"2026-05-22T14:32:49.332Z"}
[2026-05-22T14:32:51.333Z] [INFO] {"id":"temp-1","type":"temp","value":1.5,"unit":"C","status":"normal","processedAt":"2026-05-22T14:32:51.333Z"}
[2026-05-22T14:32:51.333Z] [INFO] {"id":"pressure-2","type":"pressure","value":119.7077490307645,"unit":"PSI","status":"critical","processedAt":"2026-05-22T14:32:51.333Z"}
[2026-05-22T14:32:51.333Z] [ERROR] {"id":"pressure-2","type":"pressure","value":119.7077490307645,"unit":"PSI","status":"critical","processedAt":"2026-05-22T14:32:51.333Z"}
[2026-05-22T14:32:51.333Z] [INFO] {"id":"humidity-3","type":"humidity","value":15.079862807164002,"unit":"%","status":"normal","processedAt":"2026-05-22T14:32:51.333Z"}
[2026-05-22T14:32:53.334Z] [INFO] {"id":"temp-1","type":"temp","value":19.2,"unit":"C","status":"normal","processedAt":"2026-05-22T14:32:53.334Z"}
[2026-05-22T14:32:53.334Z] [INFO] {"id":"pressure-2","type":"pressure","value":0.27285105448357605,"unit":"PSI","status":"normal","processedAt":"2026-05-22T14:32:53.334Z"}
[2026-05-22T14:32:53.334Z] [INFO] {"id":"humidity-3","type":"humidity","value":44.40344557627371,"unit":"%","status":"normal","processedAt":"2026-05-22T14:32:53.334Z"}
[2026-05-22T14:32:55.334Z] [INFO] {"id":"temp-1","type":"temp","value":20.8,"unit":"C","status":"normal","processedAt":"2026-05-22T14:32:55.334Z"}
[2026-05-22T14:32:55.335Z] [INFO] {"id":"pressure-2","type":"pressure","value":51.11339061270903,"unit":"PSI","status":"normal","processedAt":"2026-05-22T14:32:55.335Z"}
[2026-05-22T14:32:55.335Z] [INFO] {"id":"humidity-3","type":"humidity","value":55.60492266078688,"unit":"%","status":"normal","processedAt":"2026-05-22T14:32:55.335Z"}
[2026-05-22T14:32:57.336Z] [INFO] {"id":"temp-1","type":"temp","value":-3.7,"unit":"C","status":"normal","processedAt":"2026-05-22T14:32:57.336Z"}
[2026-05-22T14:32:57.336Z] [INFO] {"id":"pressure-2","type":"pressure","value":81.43693092947017,"unit":"PSI","status":"warning","processedAt":"2026-05-22T14:32:57.336Z"}
[2026-05-22T14:32:57.336Z] [INFO] {"id":"humidity-3","type":"humidity","value":70.87941387895435,"unit":"%","status":"warning","processedAt":"2026-05-22T14:32:57.336Z"}
[2026-05-22T14:32:57.336Z] [WARN] {"id":"pressure-2","type":"pressure","value":81.43693092947017,"unit":"PSI","status":"warning","processedAt":"2026-05-22T14:32:57.336Z"}
[2026-05-22T14:32:57.336Z] [WARN] {"id":"humidity-3","type":"humidity","value":70.87941387895435,"unit":"%","status":"warning","processedAt":"2026-05-22T14:32:57.336Z"}
[2026-05-22T14:32:59.337Z] [INFO] {"id":"temp-1","type":"temp","value":4.5,"unit":"C","status":"normal","processedAt":"2026-05-22T14:32:59.337Z"}
[2026-05-22T14:32:59.337Z] [INFO] {"id":"pressure-2","type":"pressure","value":19.757892504071997,"unit":"PSI","status":"normal","processedAt":"2026-05-22T14:32:59.337Z"}
[2026-05-22T14:32:59.337Z] [INFO] {"id":"humidity-3","type":"humidity","value":57.00322307891176,"unit":"%","status":"normal","processedAt":"2026-05-22T14:32:59.337Z"}
[2026-05-22T14:33:01.338Z] [INFO] {"id":"temp-1","type":"temp","value":9.4,"unit":"C","status":"normal","processedAt":"2026-05-22T14:33:01.338Z"}
[2026-05-22T14:33:01.338Z] [INFO] {"id":"pressure-2","type":"pressure","value":104.19814333198669,"unit":"PSI","status":"critical","processedAt":"2026-05-22T14:33:01.338Z"}
[2026-05-22T14:33:01.338Z] [ERROR] {"id":"pressure-2","type":"pressure","value":104.19814333198669,"unit":"PSI","status":"critical","processedAt":"2026-05-22T14:33:01.338Z"}
[2026-05-22T14:33:01.338Z] [INFO] {"id":"humidity-3","type":"humidity","value":38.292322497127515,"unit":"%","status":"normal","processedAt":"2026-05-22T14:33:01.338Z"}
[2026-05-22T14:33:03.339Z] [INFO] {"id":"temp-1","type":"temp","value":29.4,"unit":"C","status":"normal","processedAt":"2026-05-22T14:33:03.339Z"}
[2026-05-22T14:33:03.344Z] [WARN] {"id":"humidity-3","type":"humidity","value":82.20638068427292,"unit":"%","status":"warning","processedAt":"2026-05-22T14:33:03.344Z"}
[2026-05-22T14:33:03.344Z] [INFO] {"id":"pressure-2","type":"pressure","value":45.894580561554775,"unit":"PSI","status":"normal","processedAt":"2026-05-22T14:33:03.339Z"}
[2026-05-22T14:33:03.344Z] [INFO] {"id":"humidity-3","type":"humidity","value":82.20638068427292,"unit":"%","status":"warning","processedAt":"2026-05-22T14:33:03.344Z"}
[2026-05-22T14:33:05.340Z] [INFO] {"id":"temp-1","type":"temp","value":16.5,"unit":"C","status":"normal","processedAt":"2026-05-22T14:33:05.340Z"}
[2026-05-22T14:33:05.340Z] [INFO] {"id":"humidity-3","type":"humidity","value":82.88829607042236,"unit":"%","status":"warning","processedAt":"2026-05-22T14:33:05.340Z"}
[2026-05-22T14:33:05.340Z] [INFO] {"id":"pressure-2","type":"pressure","value":50.50489752311835,"unit":"PSI","status":"normal","processedAt":"2026-05-22T14:33:05.340Z"}
[2026-05-22T14:33:05.340Z] [WARN] {"id":"humidity-3","type":"humidity","value":82.88829607042236,"unit":"%","status":"warning","processedAt":"2026-05-22T14:33:05.340Z"}
[2026-05-22T14:33:05.599Z] [INFO] System shutdown
